
==============================================================
  NIGHTLY STUDY — 2026-08-24
==============================================================

  6 candidates today

  current             6 trades    -6.82%  0/6 won
  tight               6 trades    -5.41%  0/6 won
  tightest            6 trades    -5.00%  0/6 won

  ALL SESSIONS POOLED

  tightest_small      22 trades    +0.53% ±1.30   45% win
  tight_tiny          11 trades    +0.25% ±2.24   36% win
  tight_small         22 trades    -0.01% ±1.56   41% win
  tightest            65 trades    -0.41% ±0.76   35% win
  tight               65 trades    -0.75% ±1.00   35% win
  current             65 trades    -2.79% ±1.19   28% win

  tightest_small is positive (+0.53%) but only 22 trades.
  Need 200 before this means anything. About 3 more sessions.


==============================================================
  NIGHTLY STUDY — 2026-08-25
==============================================================

  0 candidates today


  ALL SESSIONS POOLED

  tightest_small      22 trades    +0.53% ±1.30   45% win
  tight_tiny          11 trades    +0.25% ±2.24   36% win
  tight_small         22 trades    -0.01% ±1.56   41% win
  tightest            65 trades    -0.41% ±0.76   35% win
  tight               65 trades    -0.75% ±1.00   35% win
  current             65 trades    -2.79% ±1.19   28% win

  tightest_small is positive (+0.53%) but only 22 trades.
  Need 200 before this means anything. About 3 more sessions.


==============================================================
  NIGHTLY STUDY — 2026-08-26
==============================================================

  3 candidates today

  current             3 trades   -10.65%  0/3 won
  tight               3 trades    -8.00%  0/3 won
  tightest            3 trades    -5.00%  0/3 won

  ALL SESSIONS POOLED

  tightest_small      22 trades    +0.53% ±1.30   45% win
  tight_tiny          11 trades    +0.25% ±2.24   36% win
  tight_small         22 trades    -0.01% ±1.56   41% win
  tightest            68 trades    -0.62% ±0.74   34% win
  tight               68 trades    -1.07% ±0.98   34% win
  current             68 trades    -3.14% ±1.16   26% win

  tightest_small is positive (+0.53%) but only 22 trades.
  Need 200 before this means anything. About 3 more sessions.


==============================================================
  NIGHTLY STUDY — 2026-08-27
==============================================================

  5 candidates today

  current             5 trades    -0.39%  3/5 won
  tight               5 trades    -0.30%  3/5 won
  tightest            5 trades    +3.88%  4/5 won

  ALL SESSIONS POOLED

  tightest_small      22 trades    +0.53% ±1.30   45% win
  tight_tiny          11 trades    +0.25% ±2.24   36% win
  tight_small         22 trades    -0.01% ±1.56   41% win
  tightest            73 trades    -0.31% ±0.72   37% win
  tight               73 trades    -1.02% ±0.93   36% win
  current             73 trades    -2.95% ±1.10   29% win

  tightest_small is positive (+0.53%) but only 22 trades.
  Need 200 before this means anything. About 3 more sessions.


==============================================================
  NIGHTLY STUDY — 2026-08-28
==============================================================

  3 candidates today

  current             3 trades   -12.00%  0/3 won
  tight               3 trades    -8.00%  0/3 won
  tightest            3 trades    -5.00%  0/3 won

  ALL SESSIONS POOLED

  tightest_small      22 trades    +0.53% ±1.30   45% win
  tight_tiny          11 trades    +0.25% ±2.24   36% win
  tight_small         22 trades    -0.01% ±1.56   41% win
  tightest            76 trades    -0.49% ±0.70   36% win
  tight               76 trades    -1.29% ±0.91   34% win
  current             76 trades    -3.31% ±1.08   28% win

  tightest_small is positive (+0.53%) but only 22 trades.
  Need 200 before this means anything. About 3 more sessions.


==============================================================
  NIGHTLY STUDY — 2026-08-31
==============================================================

  8 candidates today

  current             8 trades    -0.78%  3/8 won
  tight               8 trades    +4.63%  5/8 won
  tightest            8 trades    -0.50%  3/8 won

  ALL SESSIONS POOLED

  tightest_small      22 trades    +0.53% ±1.30   45% win
  tight_tiny          11 trades    +0.25% ±2.24   36% win
  tight_small         22 trades    -0.01% ±1.56   41% win
  tightest            84 trades    -0.49% ±0.67   36% win
  tight               84 trades    -0.73% ±0.92   37% win
  current             84 trades    -3.06% ±1.08   29% win

  tightest_small is positive (+0.53%) but only 22 trades.
  Need 200 before this means anything. About 3 more sessions.


==============================================================
  NIGHTLY STUDY — 2026-09-01
==============================================================

  6 candidates today

  current             6 trades    -1.55%  2/6 won
  tight               6 trades    +0.31%  2/6 won
  tightest            6 trades    -0.33%  2/6 won

  ALL SESSIONS POOLED

  tightest_small      22 trades    +0.53% ±1.30   45% win
  tight_tiny          11 trades    +0.25% ±2.24   36% win
  tight_small         22 trades    -0.01% ±1.56   41% win
  tightest            90 trades    -0.48% ±0.65   36% win
  tight               90 trades    -0.66% ±0.89   37% win
  current             90 trades    -2.96% ±1.02   29% win

  tightest_small is positive (+0.53%) but only 22 trades.
  Need 200 before this means anything. About 3 more sessions.


==============================================================
  NIGHTLY STUDY — 2026-09-02
==============================================================

  0 candidates today


  ALL SESSIONS POOLED

  tightest_small      22 trades    +0.53% ±1.30   45% win
  tight_tiny          11 trades    +0.25% ±2.24   36% win
  tight_small         22 trades    -0.01% ±1.56   41% win
  tightest            90 trades    -0.48% ±0.65   36% win
  tight               90 trades    -0.66% ±0.89   37% win
  current             90 trades    -2.96% ±1.02   29% win

  tightest_small is positive (+0.53%) but only 22 trades.
  Need 200 before this means anything. About 3 more sessions.


==============================================================
  NIGHTLY STUDY — 2026-09-03
==============================================================

  3 candidates today

  current             3 trades   -12.00%  0/3 won
  tight               3 trades    -0.33%  1/3 won
  tightest            3 trades    +0.00%  1/3 won

  ALL SESSIONS POOLED

  tightest_small      22 trades    +0.53% ±1.30   45% win
  tight_tiny          11 trades    +0.25% ±2.24   36% win
  tight_small         22 trades    -0.01% ±1.56   41% win
  tightest            93 trades    -0.47% ±0.64   35% win
  tight               93 trades    -0.65% ±0.88   37% win
  current             93 trades    -3.26% ±1.00   28% win

  tightest_small is positive (+0.53%) but only 22 trades.
  Need 200 before this means anything. About 3 more sessions.


==============================================================
  NIGHTLY STUDY — 2026-09-04
==============================================================

  7 candidates today

  current             7 trades    +2.59%  4/7 won
  tight               7 trades    +0.34%  4/7 won
  tightest            7 trades    +4.33%  5/7 won

  ALL SESSIONS POOLED

  tightest_small      22 trades    +0.53% ±1.30   45% win
  tight_tiny          11 trades    +0.25% ±2.24   36% win
  tight_small         22 trades    -0.01% ±1.56   41% win
  tightest           100 trades    -0.13% ±0.63   38% win
  tight              100 trades    -0.58% ±0.85   38% win
  current            100 trades    -2.85% ±0.98   30% win

  tightest_small is positive (+0.53%) but only 22 trades.
  Need 200 before this means anything. About 3 more sessions.

